
Memory Configuration

Name             Origin             Length             Attributes
*default*        0x00000000         0xffffffff

Linker script and memory map

LOAD ./init_b_2018.o
LOAD ./patron_volteo_arm_c.o
LOAD ./reversi8_2018.o
START GROUP
LOAD c:/program files/eclipsearm/sourcery-g++-lite-arm-2011.03/bin/../lib/gcc/arm-none-eabi/4.5.2\libgcc.a
LOAD c:/program files/eclipsearm/sourcery-g++-lite-arm-2011.03/bin/../lib/gcc/arm-none-eabi/4.5.2/../../../../arm-none-eabi/lib\libc.a
END GROUP
                0x0c000000                . = 0xc000000

.text           0x0c000000     0x13a0
 *(.text)
 .text          0x0c000000       0x1c ./init_b_2018.o
                0x0c000000                start
 .text          0x0c00001c       0x14 ./patron_volteo_arm_c.o
                0x0c000028                patron_volteo_arm_c
 .text          0x0c000030     0x1370 ./reversi8_2018.o
                0x0c000030                init_table
                0x0c000244                esperar_mov
                0x0c000284                ficha_valida
                0x0c000338                patron_volteo
                0x0c00044c                voltear
                0x0c0004dc                actualizar_tablero
                0x0c0005d4                elegir_mov
                0x0c0007ec                contar
                0x0c0008e8                actualizar_candidatas
                0x0c000c40                reversi8
                0x0c0013a0                _bdata = .

.glue_7         0x0c0013a0        0x0
 .glue_7        0x00000000        0x0 linker stubs

.glue_7t        0x0c0013a0        0x0
 .glue_7t       0x00000000        0x0 linker stubs

.vfp11_veneer   0x0c0013a0        0x0
 .vfp11_veneer  0x00000000        0x0 linker stubs

.v4_bx          0x0c0013a0        0x0
 .v4_bx         0x00000000        0x0 linker stubs

.data           0x0c0013a0        0x0
 *(.data)
 .data          0x0c0013a0        0x0 ./init_b_2018.o
 .data          0x0c0013a0        0x0 ./patron_volteo_arm_c.o
 .data          0x0c0013a0        0x0 ./reversi8_2018.o
                0x0c0013a0                _edata = .

.rodata         0x0c0013a0       0x58
 *(.rodata)
 .rodata        0x0c0013a0       0x58 ./reversi8_2018.o
                0x0c0013a0                NO
                0x0c0013a1                SI
                0x0c0013a2                CASILLA_OCUPADA
                0x0c0013e8                vSF
                0x0c0013f0                vSC
                0x0c0013f8                _bbss = .

.bss            0x0c0013f8       0x48
 *(.bss)
 .bss           0x0c0013f8        0x0 ./init_b_2018.o
 .bss           0x0c0013f8        0x0 ./patron_volteo_arm_c.o
 .bss           0x0c0013f8       0x48 ./reversi8_2018.o
                0x0c0013f8                tablero
                0x0c001438                fila
                0x0c001439                columna
                0x0c00143a                ready
                0x0c001440                _ebss = .
OUTPUT(SimReversi.elf elf32-littlearm)

.ARM.attributes
                0x00000000       0x2e
 .ARM.attributes
                0x00000000       0x22 ./init_b_2018.o
 .ARM.attributes
                0x00000022       0x22 ./patron_volteo_arm_c.o
 .ARM.attributes
                0x00000044       0x32 ./reversi8_2018.o

.comment        0x00000000       0x2a
 .comment       0x00000000       0x2a ./reversi8_2018.o
                                 0x2b (size before relaxing)

.debug_line     0x00000000      0x25d
 .debug_line    0x00000000       0x47 ./init_b_2018.o
 .debug_line    0x00000047       0x4c ./patron_volteo_arm_c.o
 .debug_line    0x00000093      0x1ca ./reversi8_2018.o

.debug_info     0x00000000      0x78f
 .debug_info    0x00000000       0x6a ./init_b_2018.o
 .debug_info    0x0000006a       0x72 ./patron_volteo_arm_c.o
 .debug_info    0x000000dc      0x6b3 ./reversi8_2018.o

.debug_abbrev   0x00000000      0x1c6
 .debug_abbrev  0x00000000       0x14 ./init_b_2018.o
 .debug_abbrev  0x00000014       0x14 ./patron_volteo_arm_c.o
 .debug_abbrev  0x00000028      0x19e ./reversi8_2018.o

.debug_aranges  0x00000000       0x60
 .debug_aranges
                0x00000000       0x20 ./init_b_2018.o
 .debug_aranges
                0x00000020       0x20 ./patron_volteo_arm_c.o
 .debug_aranges
                0x00000040       0x20 ./reversi8_2018.o

.debug_macinfo  0x00000000     0x20fc
 .debug_macinfo
                0x00000000     0x20fc ./reversi8_2018.o

.debug_loc      0x00000000      0x1b8
 .debug_loc     0x00000000      0x1b8 ./reversi8_2018.o

.debug_pubnames
                0x00000000      0x115
 .debug_pubnames
                0x00000000      0x115 ./reversi8_2018.o

.debug_str      0x00000000      0x1b1
 .debug_str     0x00000000      0x1b1 ./reversi8_2018.o
                                0x1c4 (size before relaxing)

.debug_frame    0x00000000      0x168
 .debug_frame   0x00000000      0x168 ./reversi8_2018.o
